%!Adobe-FontList 1.23
%Locale:0x411

%BeginFont
Handler:DirectoryHandler
FontType:Invalid
OutlineFileName:C:\Users\51000291\source\repos\ComESP32\KeyIconフォルダー\Font\PixelMplus-20130602.zip
FileModTime:1751888523
%EndFont

%BeginFont
Handler:DirectoryHandler
FontType:TrueType
FontName:x12y12pxMaruMinyaM
FamilyName:x12y12pxMaruMinyaM
StyleName:Regular
FullName:x12y12pxMaruMinyaM
MenuName:x12y12pxMaruMinyaM
StyleBits:0
FamilyNameNative:x12y12pxMaruMinyaM
StyleNameNative:Regular
FullNameNative:x12y12pxMaruMinyaM Regular
WritingScript:Japanese
OutlineFileName:C:\Users\51000291\source\repos\ComESP32\KeyIconフォルダー\Font\x12y12pxMaruMinyaM.ttf
DataFormat:sfntData
hasSVG:no
VariableFontType:NonVariableFont
FileLength:2665324
FileModTime:1751889226
WeightClass:400
WidthClass:5
AngleClass:0
NameArray:0,Mac,4,x12y12pxMaruMinyaM
NameArray:0,Win,1,x12y12pxMaruMinyaM
%EndFont

%BeginFont
Handler:DirectoryHandler
FontType:Invalid
OutlineFileName:C:\Users\51000291\source\repos\ComESP32\KeyIconフォルダー\Font\x12y16pxMaruMonica_2021-06-17.zip
FileModTime:1751888585
%EndFont

%BeginFont
Handler:DirectoryHandler
FontType:TrueType
FontName:x16y32pxGridGazer
FamilyName:x16y32pxGridGazer
StyleName:Regular
FullName:x16y32pxGridGazer
MenuName:x16y32pxGridGazer
StyleBits:0
FamilyNameNative:x16y32pxGridGazer
StyleNameNative:Regular
FullNameNative:x16y32pxGridGazer Regular
WritingScript:Cyrillic
OutlineFileName:C:\Users\51000291\source\repos\ComESP32\KeyIconフォルダー\Font\x16y32pxGridGazer.ttf
DataFormat:sfntData
hasSVG:no
VariableFontType:NonVariableFont
FileLength:48372
FileModTime:1751889215
WeightClass:400
WidthClass:5
AngleClass:0
NameArray:0,Mac,4,x16y32pxGridGazer
NameArray:0,Win,1,x16y32pxGridGazer
%EndFont

